
Machine Name:: FS-DEV-II
User Name   :: Admin
OS Version  :: Microsoft Windows NT 6.1.7601 Service Pack 1
Date Time   :: 02 Dec 14 10:19:28
Exception Information:
System.Threading.ThreadAbortException: Thread was being aborted.
   at System.Threading.Thread.AbortInternal()
   at System.Threading.Thread.Abort(Object stateInfo)
   at System.Web.HttpResponse.End()
   at Forms_Default.Page_Load(Object sender, EventArgs e) in d:\My Apps\Bash\Application\SAMS\Forms\Default.aspx.cs:line 22
: ----------------------------------
Machine Name:: FS-DEV-II
User Name   :: Admin
OS Version  :: Microsoft Windows NT 6.1.7601 Service Pack 1
Date Time   :: 02 Dec 14 10:20:24
Exception Information:
System.Threading.ThreadAbortException: Thread was being aborted.
   at System.Threading.Thread.AbortInternal()
   at System.Threading.Thread.Abort(Object stateInfo)
   at System.Web.HttpResponse.End()
   at Forms_Default.Page_Load(Object sender, EventArgs e) in d:\My Apps\Bash\Application\SAMS\Forms\Default.aspx.cs:line 22
: ----------------------------------
Machine Name:: FS-DEV-II
User Name   :: Admin
OS Version  :: Microsoft Windows NT 6.1.7601 Service Pack 1
Date Time   :: 02 Dec 14 10:23:41
Exception Information:
System.Threading.ThreadAbortException: Thread was being aborted.
   at System.Threading.Thread.AbortInternal()
   at System.Threading.Thread.Abort(Object stateInfo)
   at System.Web.HttpResponse.End()
   at Forms_Default.Page_Load(Object sender, EventArgs e) in d:\My Apps\Bash\Application\SAMS\Forms\Default.aspx.cs:line 22
: ----------------------------------
Machine Name:: FS-DEV-II
User Name   :: Admin
OS Version  :: Microsoft Windows NT 6.1.7601 Service Pack 1
Date Time   :: 02 Dec 14 10:23:59
Exception Information:
System.Threading.ThreadAbortException: Thread was being aborted.
   at System.Threading.Thread.AbortInternal()
   at System.Threading.Thread.Abort(Object stateInfo)
   at System.Web.HttpResponse.End()
   at Forms_Default.Page_Load(Object sender, EventArgs e) in d:\My Apps\Bash\Application\SAMS\Forms\Default.aspx.cs:line 22
: ----------------------------------
Machine Name:: FS-DEV-II
User Name   :: Admin
OS Version  :: Microsoft Windows NT 6.1.7601 Service Pack 1
Date Time   :: 02 Dec 14 10:26:58
Exception Information:
System.Threading.ThreadAbortException: Thread was being aborted.
   at System.Threading.Thread.AbortInternal()
   at System.Threading.Thread.Abort(Object stateInfo)
   at System.Web.HttpResponse.End()
   at Forms_Default.Page_Load(Object sender, EventArgs e) in d:\My Apps\Bash\Application\SAMS\Forms\Default.aspx.cs:line 22
: ----------------------------------
Machine Name:: FS-DEV-II
User Name   :: Admin
OS Version  :: Microsoft Windows NT 6.1.7601 Service Pack 1
Date Time   :: 02 Dec 14 10:27:29
Exception Information:
System.Threading.ThreadAbortException: Thread was being aborted.
   at System.Threading.Thread.AbortInternal()
   at System.Threading.Thread.Abort(Object stateInfo)
   at System.Web.HttpResponse.End()
   at Forms_Default.Page_Load(Object sender, EventArgs e) in d:\My Apps\Bash\Application\SAMS\Forms\Default.aspx.cs:line 22
: ----------------------------------
Machine Name:: FS-DEV-II
User Name   :: Admin
OS Version  :: Microsoft Windows NT 6.1.7601 Service Pack 1
Date Time   :: 02 Dec 14 03:14:20
Exception Information:
System.Threading.ThreadAbortException: Thread was being aborted.
   at System.Threading.Thread.AbortInternal()
   at System.Threading.Thread.Abort(Object stateInfo)
   at System.Web.HttpResponse.End()
   at Forms_Default.Page_Load(Object sender, EventArgs e) in d:\My Apps\Bash\Application\SAMS\Forms\Default.aspx.cs:line 22
: ----------------------------------
Machine Name:: FS-DEV-II
User Name   :: Admin
OS Version  :: Microsoft Windows NT 6.1.7601 Service Pack 1
Date Time   :: 02 Dec 14 03:20:17
Exception Information:
System.Threading.ThreadAbortException: Thread was being aborted.
   at System.Threading.Thread.AbortInternal()
   at System.Threading.Thread.Abort(Object stateInfo)
   at System.Web.HttpResponse.End()
   at Forms_Default.Page_Load(Object sender, EventArgs e) in d:\My Apps\Bash\Application\SAMS\Forms\Default.aspx.cs:line 22
: ----------------------------------
Machine Name:: FS-DEV-II
User Name   :: Admin
OS Version  :: Microsoft Windows NT 6.1.7601 Service Pack 1
Date Time   :: 02 Dec 14 03:33:33
Exception Information:
System.Threading.ThreadAbortException: Thread was being aborted.
   at System.Threading.Thread.AbortInternal()
   at System.Threading.Thread.Abort(Object stateInfo)
   at System.Web.HttpResponse.End()
   at Forms_Default.Page_Load(Object sender, EventArgs e) in d:\My Apps\Bash\Application\SAMS\Forms\Default.aspx.cs:line 22
: ----------------------------------
Machine Name:: FS-DEV-II
User Name   :: Admin
OS Version  :: Microsoft Windows NT 6.1.7601 Service Pack 1
Date Time   :: 02 Dec 14 03:34:09
Exception Information:
System.Threading.ThreadAbortException: Thread was being aborted.
   at System.Threading.Thread.AbortInternal()
   at System.Threading.Thread.Abort(Object stateInfo)
   at System.Web.HttpResponse.End()
   at Forms_Default.Page_Load(Object sender, EventArgs e) in d:\My Apps\Bash\Application\SAMS\Forms\Default.aspx.cs:line 22
: ----------------------------------
Machine Name:: FS-DEV-II
User Name   :: Admin
OS Version  :: Microsoft Windows NT 6.1.7601 Service Pack 1
Date Time   :: 02 Dec 14 03:34:34
Exception Information:
System.Threading.ThreadAbortException: Thread was being aborted.
   at System.Threading.Thread.AbortInternal()
   at System.Threading.Thread.Abort(Object stateInfo)
   at System.Web.HttpResponse.End()
   at Forms_Default.Page_Load(Object sender, EventArgs e) in d:\My Apps\Bash\Application\SAMS\Forms\Default.aspx.cs:line 22
: ----------------------------------
Machine Name:: FS-DEV-II
User Name   :: Admin
OS Version  :: Microsoft Windows NT 6.1.7601 Service Pack 1
Date Time   :: 02 Dec 14 03:35:33
Exception Information:
System.Threading.ThreadAbortException: Thread was being aborted.
   at System.Threading.Thread.AbortInternal()
   at System.Threading.Thread.Abort(Object stateInfo)
   at System.Web.HttpResponse.End()
   at Forms_Default.Page_Load(Object sender, EventArgs e) in d:\My Apps\Bash\Application\SAMS\Forms\Default.aspx.cs:line 22
: ----------------------------------
Machine Name:: FS-DEV-II
User Name   :: Admin
OS Version  :: Microsoft Windows NT 6.1.7601 Service Pack 1
Date Time   :: 02 Dec 14 04:46:30
Exception Information:
System.Threading.ThreadAbortException: Thread was being aborted.
   at System.Threading.Thread.AbortInternal()
   at System.Threading.Thread.Abort(Object stateInfo)
   at System.Web.HttpResponse.End()
   at Forms_Default.Page_Load(Object sender, EventArgs e) in d:\My Apps\Bash\Application\SAMS\Forms\Default.aspx.cs:line 22
: ----------------------------------
Machine Name:: FS-DEV-II
User Name   :: Admin
OS Version  :: Microsoft Windows NT 6.1.7601 Service Pack 1
Date Time   :: 02 Dec 14 04:46:58
Exception Information:
System.Threading.ThreadAbortException: Thread was being aborted.
   at System.Threading.Thread.AbortInternal()
   at System.Threading.Thread.Abort(Object stateInfo)
   at System.Web.HttpResponse.End()
   at Forms_Default.Page_Load(Object sender, EventArgs e) in d:\My Apps\Bash\Application\SAMS\Forms\Default.aspx.cs:line 22
: ----------------------------------
Machine Name:: FS-DEV-II
User Name   :: Admin
OS Version  :: Microsoft Windows NT 6.1.7601 Service Pack 1
Date Time   :: 02 Dec 14 04:47:22
Exception Information:
System.Threading.ThreadAbortException: Thread was being aborted.
   at System.Threading.Thread.AbortInternal()
   at System.Threading.Thread.Abort(Object stateInfo)
   at System.Web.HttpResponse.End()
   at Forms_Default.Page_Load(Object sender, EventArgs e) in d:\My Apps\Bash\Application\SAMS\Forms\Default.aspx.cs:line 22
: ----------------------------------
Machine Name:: FS-DEV-II
User Name   :: Admin
OS Version  :: Microsoft Windows NT 6.1.7601 Service Pack 1
Date Time   :: 02 Dec 14 04:48:26
Exception Information:
System.Threading.ThreadAbortException: Thread was being aborted.
   at System.Threading.Thread.AbortInternal()
   at System.Threading.Thread.Abort(Object stateInfo)
   at System.Web.HttpResponse.End()
   at Forms_Default.Page_Load(Object sender, EventArgs e) in d:\My Apps\Bash\Application\SAMS\Forms\Default.aspx.cs:line 22
: ----------------------------------
Machine Name:: FS-DEV-II
User Name   :: Admin
OS Version  :: Microsoft Windows NT 6.1.7601 Service Pack 1
Date Time   :: 02 Dec 14 04:50:21
Exception Information:
System.Threading.ThreadAbortException: Thread was being aborted.
   at System.Threading.Thread.AbortInternal()
   at System.Threading.Thread.Abort(Object stateInfo)
   at System.Web.HttpResponse.End()
   at Forms_Default.Page_Load(Object sender, EventArgs e) in d:\My Apps\Bash\Application\SAMS\Forms\Default.aspx.cs:line 22
: ----------------------------------
Machine Name:: FS-DEV-II
User Name   :: Admin
OS Version  :: Microsoft Windows NT 6.1.7601 Service Pack 1
Date Time   :: 02 Dec 14 04:50:47
Exception Information:
System.Threading.ThreadAbortException: Thread was being aborted.
   at System.Threading.Thread.AbortInternal()
   at System.Threading.Thread.Abort(Object stateInfo)
   at System.Web.HttpResponse.End()
   at Forms_Default.Page_Load(Object sender, EventArgs e) in d:\My Apps\Bash\Application\SAMS\Forms\Default.aspx.cs:line 22
: ----------------------------------
Machine Name:: FS-DEV-II
User Name   :: Admin
OS Version  :: Microsoft Windows NT 6.1.7601 Service Pack 1
Date Time   :: 02 Dec 14 04:52:07
Exception Information:
System.Threading.ThreadAbortException: Thread was being aborted.
   at System.Threading.Thread.AbortInternal()
   at System.Threading.Thread.Abort(Object stateInfo)
   at System.Web.HttpResponse.End()
   at Forms_Default.Page_Load(Object sender, EventArgs e) in d:\My Apps\Bash\Application\SAMS\Forms\Default.aspx.cs:line 22
: ----------------------------------
Machine Name:: FS-DEV-II
User Name   :: Admin
OS Version  :: Microsoft Windows NT 6.1.7601 Service Pack 1
Date Time   :: 02 Dec 14 04:53:05
Exception Information:
System.Threading.ThreadAbortException: Thread was being aborted.
   at System.Threading.Thread.AbortInternal()
   at System.Threading.Thread.Abort(Object stateInfo)
   at System.Web.HttpResponse.End()
   at Forms_Default.Page_Load(Object sender, EventArgs e) in d:\My Apps\Bash\Application\SAMS\Forms\Default.aspx.cs:line 22
: ----------------------------------
Machine Name:: FS-DEV-II
User Name   :: Admin
OS Version  :: Microsoft Windows NT 6.1.7601 Service Pack 1
Date Time   :: 02 Dec 14 04:55:37
Exception Information:
System.Threading.ThreadAbortException: Thread was being aborted.
   at System.Threading.Thread.AbortInternal()
   at System.Threading.Thread.Abort(Object stateInfo)
   at System.Web.HttpResponse.End()
   at Forms_Default.Page_Load(Object sender, EventArgs e) in d:\My Apps\Bash\Application\SAMS\Forms\Default.aspx.cs:line 22
: ----------------------------------
Machine Name:: FS-DEV-II
User Name   :: Admin
OS Version  :: Microsoft Windows NT 6.1.7601 Service Pack 1
Date Time   :: 02 Dec 14 05:02:37
Exception Information:
System.Threading.ThreadAbortException: Thread was being aborted.
   at System.Threading.Thread.AbortInternal()
   at System.Threading.Thread.Abort(Object stateInfo)
   at System.Web.HttpResponse.End()
   at Forms_Default.Page_Load(Object sender, EventArgs e) in d:\My Apps\Bash\Application\SAMS\Forms\Default.aspx.cs:line 22
: ----------------------------------
Machine Name:: FS-DEV-II
User Name   :: Admin
OS Version  :: Microsoft Windows NT 6.1.7601 Service Pack 1
Date Time   :: 02 Dec 14 06:19:15
Exception Information:
System.Threading.ThreadAbortException: Thread was being aborted.
   at System.Threading.Thread.AbortInternal()
   at System.Threading.Thread.Abort(Object stateInfo)
   at System.Web.HttpResponse.End()
   at Forms_Default.Page_Load(Object sender, EventArgs e) in d:\My Apps\Bash\Application\SAMS\Forms\Default.aspx.cs:line 22
: ----------------------------------