
Machine Name:: FS-L3
User Name   :: Farooq Aslam
OS Version  :: Microsoft Windows NT 6.2.9200.0
Date Time   :: 21 Oct 14 11:41:11
Exception Information:
System.Threading.ThreadAbortException: Thread was being aborted.
   at System.Threading.Thread.AbortInternal()
   at System.Threading.Thread.Abort(Object stateInfo)
   at System.Web.HttpResponse.End()
   at Forms_Default.Page_Load(Object sender, EventArgs e) in e:\MyApp\BASH\Application\SAMS\Forms\Default.aspx.cs:line 22
: ----------------------------------
Machine Name:: FS-L3
User Name   :: Farooq Aslam
OS Version  :: Microsoft Windows NT 6.2.9200.0
Date Time   :: 21 Oct 14 11:58:17
Exception Information:
System.Threading.ThreadAbortException: Thread was being aborted.
   at System.Threading.Thread.AbortInternal()
   at System.Threading.Thread.Abort(Object stateInfo)
   at System.Web.HttpResponse.End()
   at Forms_Default.Page_Load(Object sender, EventArgs e) in e:\MyApp\BASH\Application\SAMS\Forms\Default.aspx.cs:line 22
: ----------------------------------
Machine Name:: FS-L3
User Name   :: Farooq Aslam
OS Version  :: Microsoft Windows NT 6.2.9200.0
Date Time   :: 21 Oct 14 11:59:05
Exception Information:
System.Threading.ThreadAbortException: Thread was being aborted.
   at System.Threading.Thread.AbortInternal()
   at System.Threading.Thread.Abort(Object stateInfo)
   at System.Web.HttpResponse.End()
   at Forms_Default.Page_Load(Object sender, EventArgs e) in e:\MyApp\BASH\Application\SAMS\Forms\Default.aspx.cs:line 22
: ----------------------------------
Machine Name:: FS-L3
User Name   :: Farooq Aslam
OS Version  :: Microsoft Windows NT 6.2.9200.0
Date Time   :: 21 Oct 14 11:59:20
Exception Information:
System.Threading.ThreadAbortException: Thread was being aborted.
   at System.Threading.Thread.AbortInternal()
   at System.Threading.Thread.Abort(Object stateInfo)
   at System.Web.HttpResponse.End()
   at Forms_Default.Page_Load(Object sender, EventArgs e) in e:\MyApp\BASH\Application\SAMS\Forms\Default.aspx.cs:line 22
: ----------------------------------
Machine Name:: FS-L3
User Name   :: Farooq Aslam
OS Version  :: Microsoft Windows NT 6.2.9200.0
Date Time   :: 21 Oct 14 11:59:46
Exception Information:
System.Threading.ThreadAbortException: Thread was being aborted.
   at System.Threading.Thread.AbortInternal()
   at System.Threading.Thread.Abort(Object stateInfo)
   at System.Web.HttpResponse.End()
   at Forms_Default.Page_Load(Object sender, EventArgs e) in e:\MyApp\BASH\Application\SAMS\Forms\Default.aspx.cs:line 22
: ----------------------------------
Machine Name:: FS-L3
User Name   :: Farooq Aslam
OS Version  :: Microsoft Windows NT 6.2.9200.0
Date Time   :: 21 Oct 14 12:16:58
Exception Information:
System.Threading.ThreadAbortException: Thread was being aborted.
   at System.Threading.Thread.AbortInternal()
   at System.Threading.Thread.Abort(Object stateInfo)
   at System.Web.HttpResponse.End()
   at Forms_Default.Page_Load(Object sender, EventArgs e) in e:\MyApp\BASH\Application\SAMS\Forms\Default.aspx.cs:line 22
: ----------------------------------
Machine Name:: FS-L3
User Name   :: Farooq Aslam
OS Version  :: Microsoft Windows NT 6.2.9200.0
Date Time   :: 21 Oct 14 12:27:12
Exception Information:
System.Threading.ThreadAbortException: Thread was being aborted.
   at System.Threading.Thread.AbortInternal()
   at System.Threading.Thread.Abort(Object stateInfo)
   at System.Web.HttpResponse.End()
   at Forms_Default.Page_Load(Object sender, EventArgs e) in e:\MyApp\BASH\Application\SAMS\Forms\Default.aspx.cs:line 22
: ----------------------------------
Machine Name:: FS-L3
User Name   :: Farooq Aslam
OS Version  :: Microsoft Windows NT 6.2.9200.0
Date Time   :: 21 Oct 14 12:28:43
Exception Information:
System.Threading.ThreadAbortException: Thread was being aborted.
   at System.Threading.Thread.AbortInternal()
   at System.Threading.Thread.Abort(Object stateInfo)
   at System.Web.HttpResponse.End()
   at Forms_Default.Page_Load(Object sender, EventArgs e) in e:\MyApp\BASH\Application\SAMS\Forms\Default.aspx.cs:line 22
: ----------------------------------
Machine Name:: FS-L3
User Name   :: Farooq Aslam
OS Version  :: Microsoft Windows NT 6.2.9200.0
Date Time   :: 21 Oct 14 12:28:53
Exception Information:
System.Threading.ThreadAbortException: Thread was being aborted.
   at System.Threading.Thread.AbortInternal()
   at System.Threading.Thread.Abort(Object stateInfo)
   at System.Web.HttpResponse.End()
   at Forms_Default.Page_Load(Object sender, EventArgs e) in e:\MyApp\BASH\Application\SAMS\Forms\Default.aspx.cs:line 22
: ----------------------------------
Machine Name:: FS-L3
User Name   :: Farooq Aslam
OS Version  :: Microsoft Windows NT 6.2.9200.0
Date Time   :: 21 Oct 14 12:29:22
Exception Information:
System.Threading.ThreadAbortException: Thread was being aborted.
   at System.Threading.Thread.AbortInternal()
   at System.Threading.Thread.Abort(Object stateInfo)
   at System.Web.HttpResponse.End()
   at Forms_Default.Page_Load(Object sender, EventArgs e) in e:\MyApp\BASH\Application\SAMS\Forms\Default.aspx.cs:line 22
: ----------------------------------
Machine Name:: FS-L3
User Name   :: Farooq Aslam
OS Version  :: Microsoft Windows NT 6.2.9200.0
Date Time   :: 21 Oct 14 12:29:29
Exception Information:
System.Threading.ThreadAbortException: Thread was being aborted.
   at System.Threading.Thread.AbortInternal()
   at System.Threading.Thread.Abort(Object stateInfo)
   at System.Web.HttpResponse.End()
   at Forms_Default.Page_Load(Object sender, EventArgs e) in e:\MyApp\BASH\Application\SAMS\Forms\Default.aspx.cs:line 22
: ----------------------------------
Machine Name:: FS-L3
User Name   :: Farooq Aslam
OS Version  :: Microsoft Windows NT 6.2.9200.0
Date Time   :: 21 Oct 14 03:01:25
Exception Information:
System.Data.SqlTypes.SqlTypeException: SqlDateTime overflow. Must be between 1/1/1753 12:00:00 AM and 12/31/9999 11:59:59 PM.
   at SAMSDatabaseLayer.Classes.RptBILL_ISSUANCE.ExecuteTable() in E:\MyApp\BASH\Application\SAMSDatabaseLayer\ReportClasses\RptBILL_ISSUANCE.cs:line 345
   at SAMSBusinessLayer.Classes.RptCustomerController.SelectIssuedbillReport(Int32 p_Distributor_Id, Int32 p_customer_id, Int32 p_OrderBooker_ID, DateTime p_From_Date, DateTime p_ToDate) in E:\MyApp\BASH\Application\SAMSBusinessLayer\Classes\RptCustomerController.cs:line 740
: ----------------------------------
Machine Name:: FS-L3
User Name   :: Farooq Aslam
OS Version  :: Microsoft Windows NT 6.2.9200.0
Date Time   :: 21 Oct 14 03:01:51
Exception Information:
CrystalDecisions.CrystalReports.Engine.LogOnException: Database logon failed. ---> System.Runtime.InteropServices.COMException (0x8004100F): Database logon failed.
   at CrystalDecisions.ReportAppServer.Controllers.ReportSourceClass.Export(ExportOptions pExportOptions, RequestContext pRequestContext)
   at CrystalDecisions.ReportSource.EromReportSourceBase.ExportToStream(ExportRequestContext reqContext)
   --- End of inner exception stack trace ---
   at CrystalDecisions.ReportAppServer.ConvertDotNetToErom.ThrowDotNetException(Exception e)
   at CrystalDecisions.ReportSource.EromReportSourceBase.ExportToStream(ExportRequestContext reqContext)
   at CrystalDecisions.CrystalReports.Engine.FormatEngine.ExportToStream(ExportRequestContext reqContext)
   at CrystalDecisions.CrystalReports.Engine.ReportDocument.ExportToStream(ExportOptions options)
   at CrystalDecisions.CrystalReports.Engine.ReportDocument.ExportToStream(ExportFormatType formatType)
   at Forms_Default.Page_Load(Object sender, EventArgs e) in e:\MyApp\BASH\Application\SAMS\Forms\Default.aspx.cs:line 17
: ----------------------------------
Machine Name:: FS-L3
User Name   :: Farooq Aslam
OS Version  :: Microsoft Windows NT 6.2.9200.0
Date Time   :: 21 Oct 14 03:04:20
Exception Information:
CrystalDecisions.CrystalReports.Engine.LogOnException: Database logon failed. ---> System.Runtime.InteropServices.COMException (0x8004100F): Database logon failed.
   at CrystalDecisions.ReportAppServer.Controllers.ReportSourceClass.Export(ExportOptions pExportOptions, RequestContext pRequestContext)
   at CrystalDecisions.ReportSource.EromReportSourceBase.ExportToStream(ExportRequestContext reqContext)
   --- End of inner exception stack trace ---
   at CrystalDecisions.ReportAppServer.ConvertDotNetToErom.ThrowDotNetException(Exception e)
   at CrystalDecisions.ReportSource.EromReportSourceBase.ExportToStream(ExportRequestContext reqContext)
   at CrystalDecisions.CrystalReports.Engine.FormatEngine.ExportToStream(ExportRequestContext reqContext)
   at CrystalDecisions.CrystalReports.Engine.ReportDocument.ExportToStream(ExportOptions options)
   at CrystalDecisions.CrystalReports.Engine.ReportDocument.ExportToStream(ExportFormatType formatType)
   at Forms_Default.Page_Load(Object sender, EventArgs e) in e:\MyApp\BASH\Application\SAMS\Forms\Default.aspx.cs:line 17
: ----------------------------------
Machine Name:: FS-L3
User Name   :: Farooq Aslam
OS Version  :: Microsoft Windows NT 6.2.9200.0
Date Time   :: 21 Oct 14 03:41:42
Exception Information:
CrystalDecisions.CrystalReports.Engine.FormulaException: This field name is not known.
Details: errorKindError in File temp_caa6c559-ad11-451d-9ab7-82c39844d7ee {44241E00-1908-4292-9FDF-D5699C47F18A}.rpt:
Error in formula  Balnace: 
' {RptCustomerLedgerView.DEBIT} -{RptCustomerLedgerView.CREDIT}'
This field name is not known.
Details: errorKind ---> System.Runtime.InteropServices.COMException (0x80041019): This field name is not known.
Details: errorKindError in File temp_caa6c559-ad11-451d-9ab7-82c39844d7ee {44241E00-1908-4292-9FDF-D5699C47F18A}.rpt:
Error in formula  Balnace: 
' {RptCustomerLedgerView.DEBIT} -{RptCustomerLedgerView.CREDIT}'
This field name is not known.
Details: errorKind
   at CrystalDecisions.ReportAppServer.Controllers.ReportSourceClass.Export(ExportOptions pExportOptions, RequestContext pRequestContext)
   at CrystalDecisions.ReportSource.EromReportSourceBase.ExportToStream(ExportRequestContext reqContext)
   --- End of inner exception stack trace ---
   at CrystalDecisions.ReportAppServer.ConvertDotNetToErom.ThrowDotNetException(Exception e)
   at CrystalDecisions.ReportSource.EromReportSourceBase.ExportToStream(ExportRequestContext reqContext)
   at CrystalDecisions.CrystalReports.Engine.FormatEngine.ExportToStream(ExportRequestContext reqContext)
   at CrystalDecisions.CrystalReports.Engine.ReportDocument.ExportToStream(ExportOptions options)
   at CrystalDecisions.CrystalReports.Engine.ReportDocument.ExportToStream(ExportFormatType formatType)
   at Forms_Default.Page_Load(Object sender, EventArgs e) in e:\MyApp\BASH\Application\SAMS\Forms\Default.aspx.cs:line 17
: ----------------------------------
Machine Name:: FS-L3
User Name   :: Farooq Aslam
OS Version  :: Microsoft Windows NT 6.2.9200.0
Date Time   :: 21 Oct 14 03:42:28
Exception Information:
CrystalDecisions.CrystalReports.Engine.FormulaException: This field name is not known.
Details: errorKindError in File temp_cfa22df5-0a46-43cf-bedc-2c9db727434a {02864C3D-B988-469B-BDFD-1A7E83A9B8D3}.rpt:
Error in formula  Balnace: 
' {RptCustomerLedgerView.DEBIT} -{RptCustomerLedgerView.CREDIT}'
This field name is not known.
Details: errorKind ---> System.Runtime.InteropServices.COMException (0x80041019): This field name is not known.
Details: errorKindError in File temp_cfa22df5-0a46-43cf-bedc-2c9db727434a {02864C3D-B988-469B-BDFD-1A7E83A9B8D3}.rpt:
Error in formula  Balnace: 
' {RptCustomerLedgerView.DEBIT} -{RptCustomerLedgerView.CREDIT}'
This field name is not known.
Details: errorKind
   at CrystalDecisions.ReportAppServer.Controllers.ReportSourceClass.Export(ExportOptions pExportOptions, RequestContext pRequestContext)
   at CrystalDecisions.ReportSource.EromReportSourceBase.ExportToStream(ExportRequestContext reqContext)
   --- End of inner exception stack trace ---
   at CrystalDecisions.ReportAppServer.ConvertDotNetToErom.ThrowDotNetException(Exception e)
   at CrystalDecisions.ReportSource.EromReportSourceBase.ExportToStream(ExportRequestContext reqContext)
   at CrystalDecisions.CrystalReports.Engine.FormatEngine.ExportToStream(ExportRequestContext reqContext)
   at CrystalDecisions.CrystalReports.Engine.ReportDocument.ExportToStream(ExportOptions options)
   at CrystalDecisions.CrystalReports.Engine.ReportDocument.ExportToStream(ExportFormatType formatType)
   at Forms_Default.Page_Load(Object sender, EventArgs e) in e:\MyApp\BASH\Application\SAMS\Forms\Default.aspx.cs:line 17
: ----------------------------------
Machine Name:: FS-L3
User Name   :: Farooq Aslam
OS Version  :: Microsoft Windows NT 6.2.9200.0
Date Time   :: 21 Oct 14 03:48:13
Exception Information:
System.Threading.ThreadAbortException: Thread was being aborted.
   at System.Threading.Thread.AbortInternal()
   at System.Threading.Thread.Abort(Object stateInfo)
   at System.Web.HttpResponse.End()
   at Forms_Default.Page_Load(Object sender, EventArgs e) in e:\MyApp\BASH\Application\SAMS\Forms\Default.aspx.cs:line 22
: ----------------------------------
Machine Name:: FS-L3
User Name   :: Farooq Aslam
OS Version  :: Microsoft Windows NT 6.2.9200.0
Date Time   :: 21 Oct 14 03:53:11
Exception Information:
System.Threading.ThreadAbortException: Thread was being aborted.
   at System.Threading.Thread.AbortInternal()
   at System.Threading.Thread.Abort(Object stateInfo)
   at System.Web.HttpResponse.End()
   at Forms_Default.Page_Load(Object sender, EventArgs e) in e:\MyApp\BASH\Application\SAMS\Forms\Default.aspx.cs:line 22
: ----------------------------------
Machine Name:: FS-L3
User Name   :: Farooq Aslam
OS Version  :: Microsoft Windows NT 6.2.9200.0
Date Time   :: 21 Oct 14 04:03:27
Exception Information:
System.Threading.ThreadAbortException: Thread was being aborted.
   at System.Threading.Thread.AbortInternal()
   at System.Threading.Thread.Abort(Object stateInfo)
   at System.Web.HttpResponse.End()
   at Forms_Default.Page_Load(Object sender, EventArgs e) in e:\MyApp\BASH\Application\SAMS\Forms\Default.aspx.cs:line 22
: ----------------------------------
Machine Name:: FS-L3
User Name   :: Farooq Aslam
OS Version  :: Microsoft Windows NT 6.2.9200.0
Date Time   :: 21 Oct 14 04:03:52
Exception Information:
System.Threading.ThreadAbortException: Thread was being aborted.
   at System.Threading.Thread.AbortInternal()
   at System.Threading.Thread.Abort(Object stateInfo)
   at System.Web.HttpResponse.End()
   at Forms_Default.Page_Load(Object sender, EventArgs e) in e:\MyApp\BASH\Application\SAMS\Forms\Default.aspx.cs:line 22
: ----------------------------------
Machine Name:: FS-L3
User Name   :: Farooq Aslam
OS Version  :: Microsoft Windows NT 6.2.9200.0
Date Time   :: 21 Oct 14 04:10:36
Exception Information:
System.Threading.ThreadAbortException: Thread was being aborted.
   at System.Threading.Thread.AbortInternal()
   at System.Threading.Thread.Abort(Object stateInfo)
   at System.Web.HttpResponse.End()
   at Forms_Default.Page_Load(Object sender, EventArgs e) in e:\MyApp\BASH\Application\SAMS\Forms\Default.aspx.cs:line 22
: ----------------------------------
Machine Name:: FS-L3
User Name   :: Farooq Aslam
OS Version  :: Microsoft Windows NT 6.2.9200.0
Date Time   :: 21 Oct 14 04:14:24
Exception Information:
System.Threading.ThreadAbortException: Thread was being aborted.
   at System.Threading.Thread.AbortInternal()
   at System.Threading.Thread.Abort(Object stateInfo)
   at System.Web.HttpResponse.End()
   at Forms_Default.Page_Load(Object sender, EventArgs e) in e:\MyApp\BASH\Application\SAMS\Forms\Default.aspx.cs:line 22
: ----------------------------------
Machine Name:: FS-L3
User Name   :: Farooq Aslam
OS Version  :: Microsoft Windows NT 6.2.9200.0
Date Time   :: 21 Oct 14 04:14:33
Exception Information:
System.Threading.ThreadAbortException: Thread was being aborted.
   at System.Threading.Thread.AbortInternal()
   at System.Threading.Thread.Abort(Object stateInfo)
   at System.Web.HttpResponse.End()
   at Forms_Default.Page_Load(Object sender, EventArgs e) in e:\MyApp\BASH\Application\SAMS\Forms\Default.aspx.cs:line 22
: ----------------------------------
Machine Name:: FS-L3
User Name   :: Farooq Aslam
OS Version  :: Microsoft Windows NT 6.2.9200.0
Date Time   :: 21 Oct 14 04:14:44
Exception Information:
System.Threading.ThreadAbortException: Thread was being aborted.
   at System.Threading.Thread.AbortInternal()
   at System.Threading.Thread.Abort(Object stateInfo)
   at System.Web.HttpResponse.End()
   at Forms_Default.Page_Load(Object sender, EventArgs e) in e:\MyApp\BASH\Application\SAMS\Forms\Default.aspx.cs:line 22
: ----------------------------------
Machine Name:: FS-L3
User Name   :: Farooq Aslam
OS Version  :: Microsoft Windows NT 6.2.9200.0
Date Time   :: 21 Oct 14 04:35:14
Exception Information:
System.Threading.ThreadAbortException: Thread was being aborted.
   at System.Threading.Thread.AbortInternal()
   at System.Threading.Thread.Abort(Object stateInfo)
   at System.Web.HttpResponse.End()
   at Forms_Default.Page_Load(Object sender, EventArgs e) in e:\MyApp\BASH\Application\SAMS\Forms\Default.aspx.cs:line 22
: ----------------------------------
Machine Name:: FS-L3
User Name   :: Farooq Aslam
OS Version  :: Microsoft Windows NT 6.2.9200.0
Date Time   :: 21 Oct 14 04:38:30
Exception Information:
System.Threading.ThreadAbortException: Thread was being aborted.
   at System.Threading.Thread.AbortInternal()
   at System.Threading.Thread.Abort(Object stateInfo)
   at System.Web.HttpResponse.End()
   at Forms_Default.Page_Load(Object sender, EventArgs e) in e:\MyApp\BASH\Application\SAMS\Forms\Default.aspx.cs:line 22
: ----------------------------------
Machine Name:: FS-L3
User Name   :: Farooq Aslam
OS Version  :: Microsoft Windows NT 6.2.9200.0
Date Time   :: 21 Oct 14 04:38:49
Exception Information:
System.Threading.ThreadAbortException: Thread was being aborted.
   at System.Threading.Thread.AbortInternal()
   at System.Threading.Thread.Abort(Object stateInfo)
   at System.Web.HttpResponse.End()
   at Forms_Default.Page_Load(Object sender, EventArgs e) in e:\MyApp\BASH\Application\SAMS\Forms\Default.aspx.cs:line 22
: ----------------------------------
Machine Name:: FS-L3
User Name   :: Farooq Aslam
OS Version  :: Microsoft Windows NT 6.2.9200.0
Date Time   :: 21 Oct 14 04:42:14
Exception Information:
System.Threading.ThreadAbortException: Thread was being aborted.
   at System.Threading.Thread.AbortInternal()
   at System.Threading.Thread.Abort(Object stateInfo)
   at System.Web.HttpResponse.End()
   at Forms_Default.Page_Load(Object sender, EventArgs e) in e:\MyApp\BASH\Application\SAMS\Forms\Default.aspx.cs:line 22
: ----------------------------------
Machine Name:: FS-L3
User Name   :: Farooq Aslam
OS Version  :: Microsoft Windows NT 6.2.9200.0
Date Time   :: 21 Oct 14 04:42:58
Exception Information:
System.Threading.ThreadAbortException: Thread was being aborted.
   at System.Threading.Thread.AbortInternal()
   at System.Threading.Thread.Abort(Object stateInfo)
   at System.Web.HttpResponse.End()
   at Forms_Default.Page_Load(Object sender, EventArgs e) in e:\MyApp\BASH\Application\SAMS\Forms\Default.aspx.cs:line 22
: ----------------------------------
Machine Name:: FS-L3
User Name   :: Farooq Aslam
OS Version  :: Microsoft Windows NT 6.2.9200.0
Date Time   :: 21 Oct 14 04:43:03
Exception Information:
System.Threading.ThreadAbortException: Thread was being aborted.
   at System.Threading.Thread.AbortInternal()
   at System.Threading.Thread.Abort(Object stateInfo)
   at System.Web.HttpResponse.End()
   at Forms_Default.Page_Load(Object sender, EventArgs e) in e:\MyApp\BASH\Application\SAMS\Forms\Default.aspx.cs:line 22
: ----------------------------------
Machine Name:: FS-L3
User Name   :: Farooq Aslam
OS Version  :: Microsoft Windows NT 6.2.9200.0
Date Time   :: 21 Oct 14 04:43:14
Exception Information:
System.Threading.ThreadAbortException: Thread was being aborted.
   at System.Threading.Thread.AbortInternal()
   at System.Threading.Thread.Abort(Object stateInfo)
   at System.Web.HttpResponse.End()
   at Forms_Default.Page_Load(Object sender, EventArgs e) in e:\MyApp\BASH\Application\SAMS\Forms\Default.aspx.cs:line 22
: ----------------------------------
Machine Name:: FS-L3
User Name   :: Farooq Aslam
OS Version  :: Microsoft Windows NT 6.2.9200.0
Date Time   :: 21 Oct 14 04:43:21
Exception Information:
System.Threading.ThreadAbortException: Thread was being aborted.
   at System.Threading.Thread.AbortInternal()
   at System.Threading.Thread.Abort(Object stateInfo)
   at System.Web.HttpResponse.End()
   at Forms_Default.Page_Load(Object sender, EventArgs e) in e:\MyApp\BASH\Application\SAMS\Forms\Default.aspx.cs:line 22
: ----------------------------------
Machine Name:: FS-L3
User Name   :: Farooq Aslam
OS Version  :: Microsoft Windows NT 6.2.9200.0
Date Time   :: 21 Oct 14 04:43:32
Exception Information:
System.Threading.ThreadAbortException: Thread was being aborted.
   at System.Threading.Thread.AbortInternal()
   at System.Threading.Thread.Abort(Object stateInfo)
   at System.Web.HttpResponse.End()
   at Forms_Default.Page_Load(Object sender, EventArgs e) in e:\MyApp\BASH\Application\SAMS\Forms\Default.aspx.cs:line 22
: ----------------------------------
Machine Name:: FS-L3
User Name   :: Farooq Aslam
OS Version  :: Microsoft Windows NT 6.2.9200.0
Date Time   :: 21 Oct 14 04:48:31
Exception Information:
System.Threading.ThreadAbortException: Thread was being aborted.
   at System.Threading.Thread.AbortInternal()
   at System.Threading.Thread.Abort(Object stateInfo)
   at System.Web.HttpResponse.End()
   at Forms_Default.Page_Load(Object sender, EventArgs e) in e:\MyApp\BASH\Application\SAMS\Forms\Default.aspx.cs:line 22
: ----------------------------------
Machine Name:: FS-L3
User Name   :: Farooq Aslam
OS Version  :: Microsoft Windows NT 6.2.9200.0
Date Time   :: 21 Oct 14 04:49:14
Exception Information:
System.Threading.ThreadAbortException: Thread was being aborted.
   at System.Threading.Thread.AbortInternal()
   at System.Threading.Thread.Abort(Object stateInfo)
   at System.Web.HttpResponse.End()
   at Forms_Default.Page_Load(Object sender, EventArgs e) in e:\MyApp\BASH\Application\SAMS\Forms\Default.aspx.cs:line 22
: ----------------------------------
Machine Name:: FS-L3
User Name   :: Farooq Aslam
OS Version  :: Microsoft Windows NT 6.2.9200.0
Date Time   :: 21 Oct 14 04:57:51
Exception Information:
System.Threading.ThreadAbortException: Thread was being aborted.
   at System.Threading.Thread.AbortInternal()
   at System.Threading.Thread.Abort(Object stateInfo)
   at System.Web.HttpResponse.End()
   at Forms_Default.Page_Load(Object sender, EventArgs e) in e:\MyApp\BASH\Application\SAMS\Forms\Default.aspx.cs:line 22
: ----------------------------------
Machine Name:: FS-L3
User Name   :: Farooq Aslam
OS Version  :: Microsoft Windows NT 6.2.9200.0
Date Time   :: 21 Oct 14 05:01:10
Exception Information:
System.Threading.ThreadAbortException: Thread was being aborted.
   at System.Threading.Thread.AbortInternal()
   at System.Threading.Thread.Abort(Object stateInfo)
   at System.Web.HttpResponse.End()
   at Forms_Default.Page_Load(Object sender, EventArgs e) in e:\MyApp\BASH\Application\SAMS\Forms\Default.aspx.cs:line 22
: ----------------------------------
Machine Name:: FS-L3
User Name   :: Farooq Aslam
OS Version  :: Microsoft Windows NT 6.2.9200.0
Date Time   :: 21 Oct 14 05:02:27
Exception Information:
System.Threading.ThreadAbortException: Thread was being aborted.
   at System.Threading.Thread.AbortInternal()
   at System.Threading.Thread.Abort(Object stateInfo)
   at System.Web.HttpResponse.End()
   at Forms_Default.Page_Load(Object sender, EventArgs e) in e:\MyApp\BASH\Application\SAMS\Forms\Default.aspx.cs:line 22
: ----------------------------------
Machine Name:: FS-L3
User Name   :: Farooq Aslam
OS Version  :: Microsoft Windows NT 6.2.9200.0
Date Time   :: 21 Oct 14 05:04:27
Exception Information:
System.Threading.ThreadAbortException: Thread was being aborted.
   at System.Threading.Thread.AbortInternal()
   at System.Threading.Thread.Abort(Object stateInfo)
   at System.Web.HttpResponse.End()
   at Forms_Default.Page_Load(Object sender, EventArgs e) in e:\MyApp\BASH\Application\SAMS\Forms\Default.aspx.cs:line 22
: ----------------------------------
Machine Name:: FS-L3
User Name   :: Farooq Aslam
OS Version  :: Microsoft Windows NT 6.2.9200.0
Date Time   :: 21 Oct 14 05:04:49
Exception Information:
System.Threading.ThreadAbortException: Thread was being aborted.
   at System.Threading.Thread.AbortInternal()
   at System.Threading.Thread.Abort(Object stateInfo)
   at System.Web.HttpResponse.End()
   at Forms_Default.Page_Load(Object sender, EventArgs e) in e:\MyApp\BASH\Application\SAMS\Forms\Default.aspx.cs:line 22
: ----------------------------------
Machine Name:: FS-L3
User Name   :: Farooq Aslam
OS Version  :: Microsoft Windows NT 6.2.9200.0
Date Time   :: 21 Oct 14 05:22:45
Exception Information:
System.Threading.ThreadAbortException: Thread was being aborted.
   at System.Threading.Thread.AbortInternal()
   at System.Threading.Thread.Abort(Object stateInfo)
   at System.Web.HttpResponse.End()
   at Forms_Default.Page_Load(Object sender, EventArgs e) in e:\MyApp\BASH\Application\SAMS\Forms\Default.aspx.cs:line 22
: ----------------------------------
Machine Name:: FS-L3
User Name   :: Farooq Aslam
OS Version  :: Microsoft Windows NT 6.2.9200.0
Date Time   :: 21 Oct 14 05:22:51
Exception Information:
System.Threading.ThreadAbortException: Thread was being aborted.
   at System.Threading.Thread.AbortInternal()
   at System.Threading.Thread.Abort(Object stateInfo)
   at System.Web.HttpResponse.End()
   at Forms_Default.Page_Load(Object sender, EventArgs e) in e:\MyApp\BASH\Application\SAMS\Forms\Default.aspx.cs:line 22
: ----------------------------------