
Machine Name:: FS-DEV-II
User Name   :: Admin
OS Version  :: Microsoft Windows NT 6.1.7601 Service Pack 1
Date Time   :: 01 Dec 14 01:15:52
Exception Information:
System.Threading.ThreadAbortException: Thread was being aborted.
   at System.Threading.Thread.AbortInternal()
   at System.Threading.Thread.Abort(Object stateInfo)
   at System.Web.HttpResponse.End()
   at Forms_Default.Page_Load(Object sender, EventArgs e) in d:\My Apps\Bash\Application\SAMS\Forms\Default.aspx.cs:line 22
: ----------------------------------
Machine Name:: FS-DEV-II
User Name   :: Admin
OS Version  :: Microsoft Windows NT 6.1.7601 Service Pack 1
Date Time   :: 01 Dec 14 01:16:13
Exception Information:
System.Threading.ThreadAbortException: Thread was being aborted.
   at System.Threading.Thread.AbortInternal()
   at System.Threading.Thread.Abort(Object stateInfo)
   at System.Web.HttpResponse.End()
   at Forms_Default.Page_Load(Object sender, EventArgs e) in d:\My Apps\Bash\Application\SAMS\Forms\Default.aspx.cs:line 22
: ----------------------------------
Machine Name:: FS-DEV-II
User Name   :: Admin
OS Version  :: Microsoft Windows NT 6.1.7601 Service Pack 1
Date Time   :: 01 Dec 14 01:17:44
Exception Information:
System.Threading.ThreadAbortException: Thread was being aborted.
   at System.Threading.Thread.AbortInternal()
   at System.Threading.Thread.Abort(Object stateInfo)
   at System.Web.HttpResponse.End()
   at Forms_Default.Page_Load(Object sender, EventArgs e) in d:\My Apps\Bash\Application\SAMS\Forms\Default.aspx.cs:line 22
: ----------------------------------
Machine Name:: FS-DEV-II
User Name   :: Admin
OS Version  :: Microsoft Windows NT 6.1.7601 Service Pack 1
Date Time   :: 01 Dec 14 01:18:28
Exception Information:
System.Threading.ThreadAbortException: Thread was being aborted.
   at System.Threading.Thread.AbortInternal()
   at System.Threading.Thread.Abort(Object stateInfo)
   at System.Web.HttpResponse.End()
   at Forms_Default.Page_Load(Object sender, EventArgs e) in d:\My Apps\Bash\Application\SAMS\Forms\Default.aspx.cs:line 22
: ----------------------------------
Machine Name:: FS-DEV-II
User Name   :: Admin
OS Version  :: Microsoft Windows NT 6.1.7601 Service Pack 1
Date Time   :: 01 Dec 14 01:20:11
Exception Information:
System.Threading.ThreadAbortException: Thread was being aborted.
   at System.Threading.Thread.AbortInternal()
   at System.Threading.Thread.Abort(Object stateInfo)
   at System.Web.HttpResponse.End()
   at Forms_Default.Page_Load(Object sender, EventArgs e) in d:\My Apps\Bash\Application\SAMS\Forms\Default.aspx.cs:line 22
: ----------------------------------
Machine Name:: FS-DEV-II
User Name   :: Admin
OS Version  :: Microsoft Windows NT 6.1.7601 Service Pack 1
Date Time   :: 01 Dec 14 01:41:58
Exception Information:
System.Threading.ThreadAbortException: Thread was being aborted.
   at System.Threading.Thread.AbortInternal()
   at System.Threading.Thread.Abort(Object stateInfo)
   at System.Web.HttpResponse.End()
   at Forms_Default.Page_Load(Object sender, EventArgs e) in d:\My Apps\Bash\Application\SAMS\Forms\Default.aspx.cs:line 22
: ----------------------------------
Machine Name:: FS-DEV-II
User Name   :: Admin
OS Version  :: Microsoft Windows NT 6.1.7601 Service Pack 1
Date Time   :: 01 Dec 14 01:45:14
Exception Information:
System.Threading.ThreadAbortException: Thread was being aborted.
   at System.Threading.Thread.AbortInternal()
   at System.Threading.Thread.Abort(Object stateInfo)
   at System.Web.HttpResponse.End()
   at Forms_Default.Page_Load(Object sender, EventArgs e) in d:\My Apps\Bash\Application\SAMS\Forms\Default.aspx.cs:line 22
: ----------------------------------
Machine Name:: FS-DEV-II
User Name   :: Admin
OS Version  :: Microsoft Windows NT 6.1.7601 Service Pack 1
Date Time   :: 01 Dec 14 01:51:25
Exception Information:
System.Threading.ThreadAbortException: Thread was being aborted.
   at System.Threading.Thread.AbortInternal()
   at System.Threading.Thread.Abort(Object stateInfo)
   at System.Web.HttpResponse.End()
   at Forms_Default.Page_Load(Object sender, EventArgs e) in d:\My Apps\Bash\Application\SAMS\Forms\Default.aspx.cs:line 22
: ----------------------------------
Machine Name:: FS-DEV-II
User Name   :: Admin
OS Version  :: Microsoft Windows NT 6.1.7601 Service Pack 1
Date Time   :: 01 Dec 14 01:53:33
Exception Information:
System.Threading.ThreadAbortException: Thread was being aborted.
   at System.Threading.Thread.AbortInternal()
   at System.Threading.Thread.Abort(Object stateInfo)
   at System.Web.HttpResponse.End()
   at Forms_Default.Page_Load(Object sender, EventArgs e) in d:\My Apps\Bash\Application\SAMS\Forms\Default.aspx.cs:line 22
: ----------------------------------
Machine Name:: FS-DEV-II
User Name   :: Admin
OS Version  :: Microsoft Windows NT 6.1.7601 Service Pack 1
Date Time   :: 01 Dec 14 02:06:30
Exception Information:
System.Threading.ThreadAbortException: Thread was being aborted.
   at System.Threading.Thread.AbortInternal()
   at System.Threading.Thread.Abort(Object stateInfo)
   at System.Web.HttpResponse.End()
   at Forms_Default.Page_Load(Object sender, EventArgs e) in d:\My Apps\Bash\Application\SAMS\Forms\Default.aspx.cs:line 22
: ----------------------------------
Machine Name:: FS-DEV-II
User Name   :: Admin
OS Version  :: Microsoft Windows NT 6.1.7601 Service Pack 1
Date Time   :: 01 Dec 14 02:29:20
Exception Information:
System.Threading.ThreadAbortException: Thread was being aborted.
   at System.Threading.Thread.AbortInternal()
   at System.Threading.Thread.Abort(Object stateInfo)
   at System.Web.HttpResponse.End()
   at Forms_Default.Page_Load(Object sender, EventArgs e) in d:\My Apps\Bash\Application\SAMS\Forms\Default.aspx.cs:line 22
: ----------------------------------
Machine Name:: FS-DEV-II
User Name   :: Admin
OS Version  :: Microsoft Windows NT 6.1.7601 Service Pack 1
Date Time   :: 01 Dec 14 05:43:53
Exception Information:
System.Threading.ThreadAbortException: Thread was being aborted.
   at System.Threading.Thread.AbortInternal()
   at System.Threading.Thread.Abort(Object stateInfo)
   at System.Web.HttpResponse.End()
   at Forms_Default.Page_Load(Object sender, EventArgs e) in d:\My Apps\Bash\Application\SAMS\Forms\Default.aspx.cs:line 22
: ----------------------------------
Machine Name:: FS-DEV-II
User Name   :: Admin
OS Version  :: Microsoft Windows NT 6.1.7601 Service Pack 1
Date Time   :: 01 Dec 14 05:44:19
Exception Information:
System.Threading.ThreadAbortException: Thread was being aborted.
   at System.Threading.Thread.AbortInternal()
   at System.Threading.Thread.Abort(Object stateInfo)
   at System.Web.HttpResponse.End()
   at Forms_Default.Page_Load(Object sender, EventArgs e) in d:\My Apps\Bash\Application\SAMS\Forms\Default.aspx.cs:line 22
: ----------------------------------
Machine Name:: FS-DEV-II
User Name   :: Admin
OS Version  :: Microsoft Windows NT 6.1.7601 Service Pack 1
Date Time   :: 01 Dec 14 05:44:46
Exception Information:
System.Threading.ThreadAbortException: Thread was being aborted.
   at System.Threading.Thread.AbortInternal()
   at System.Threading.Thread.Abort(Object stateInfo)
   at System.Web.HttpResponse.End()
   at Forms_Default.Page_Load(Object sender, EventArgs e) in d:\My Apps\Bash\Application\SAMS\Forms\Default.aspx.cs:line 22
: ----------------------------------
Machine Name:: FS-DEV-II
User Name   :: Admin
OS Version  :: Microsoft Windows NT 6.1.7601 Service Pack 1
Date Time   :: 01 Dec 14 05:45:48
Exception Information:
System.Threading.ThreadAbortException: Thread was being aborted.
   at System.Threading.Thread.AbortInternal()
   at System.Threading.Thread.Abort(Object stateInfo)
   at System.Web.HttpResponse.End()
   at Forms_Default.Page_Load(Object sender, EventArgs e) in d:\My Apps\Bash\Application\SAMS\Forms\Default.aspx.cs:line 22
: ----------------------------------