
Machine Name:: FS-L3
User Name   :: Farooq Aslam
OS Version  :: Microsoft Windows NT 6.2.9200.0
Date Time   :: 23 Oct 14 11:32:35
Exception Information:
System.Threading.ThreadAbortException: Thread was being aborted.
   at System.Threading.Thread.AbortInternal()
   at System.Threading.Thread.Abort(Object stateInfo)
   at System.Web.HttpResponse.End()
   at Forms_Default.Page_Load(Object sender, EventArgs e) in e:\MyApp\BASH\Application\SAMS\Forms\Default.aspx.cs:line 22
: ----------------------------------
Machine Name:: FS-L3
User Name   :: Farooq Aslam
OS Version  :: Microsoft Windows NT 6.2.9200.0
Date Time   :: 23 Oct 14 11:35:26
Exception Information:
System.Threading.ThreadAbortException: Thread was being aborted.
   at System.Threading.Thread.AbortInternal()
   at System.Threading.Thread.Abort(Object stateInfo)
   at System.Web.HttpResponse.End()
   at Forms_Default.Page_Load(Object sender, EventArgs e) in e:\MyApp\BASH\Application\SAMS\Forms\Default.aspx.cs:line 22
: ----------------------------------